// Jest Snapshot v1, https://goo.gl/fbAQLP

exports[`<CircularText /> Matches the previous accepted snapshot. 1`] = `
<DocumentFragment>
  <div
    style="color: rgb(255, 0, 255); display: flex; flex-direction: row; justify-content: center; align-items: center;"
  >
    <div
      data-testid="test-letter-container"
      style="position: relative; height: 200px; width: 200px;"
    >
      <div
        class="sc-bdVaJa klusQH"
        r="100"
        style="transform: translate(96px, 100px) rotate(NaNdeg);"
      >
        r
      </div>
      <div
        class="sc-bdVaJa klusQH"
        r="100"
        style="transform: translate(96px, 100px) rotate(NaNdeg);"
      >
        e
      </div>
      <div
        class="sc-bdVaJa klusQH"
        r="100"
        style="transform: translate(96px, 100px) rotate(NaNdeg);"
      >
        n
      </div>
      <div
        class="sc-bdVaJa klusQH"
        r="100"
        style="transform: translate(96px, 100px) rotate(NaNdeg);"
      >
        d
      </div>
      <div
        class="sc-bdVaJa klusQH"
        r="100"
        style="transform: translate(96px, 100px) rotate(NaNdeg);"
      >
        e
      </div>
      <div
        class="sc-bdVaJa klusQH"
        r="100"
        style="transform: translate(96px, 100px) rotate(NaNdeg);"
      >
        r
      </div>
      <div
        class="sc-bdVaJa klusQH"
        r="100"
        style="transform: translate(96px, 100px) rotate(NaNdeg);"
      >
         
      </div>
      <div
        class="sc-bdVaJa klusQH"
        r="100"
        style="transform: translate(96px, 100px) rotate(NaNdeg);"
      >
        t
      </div>
      <div
        class="sc-bdVaJa klusQH"
        r="100"
        style="transform: translate(96px, 100px) rotate(NaNdeg);"
      >
        h
      </div>
      <div
        class="sc-bdVaJa klusQH"
        r="100"
        style="transform: translate(96px, 100px) rotate(NaNdeg);"
      >
        i
      </div>
      <div
        class="sc-bdVaJa klusQH"
        r="100"
        style="transform: translate(96px, 100px) rotate(NaNdeg);"
      >
        s
      </div>
      <div
        class="sc-bdVaJa klusQH"
        r="100"
        style="transform: translate(96px, 100px) rotate(NaNdeg);"
      >
         
      </div>
      <div
        class="sc-bdVaJa klusQH"
        r="100"
        style="transform: translate(96px, 100px) rotate(NaNdeg);"
      >
        i
      </div>
      <div
        class="sc-bdVaJa klusQH"
        r="100"
        style="transform: translate(96px, 100px) rotate(NaNdeg);"
      >
        n
      </div>
      <div
        class="sc-bdVaJa klusQH"
        r="100"
        style="transform: translate(96px, 100px) rotate(NaNdeg);"
      >
         
      </div>
      <div
        class="sc-bdVaJa klusQH"
        r="100"
        style="transform: translate(96px, 100px) rotate(NaNdeg);"
      >
        a
      </div>
      <div
        class="sc-bdVaJa klusQH"
        r="100"
        style="transform: translate(96px, 100px) rotate(NaNdeg);"
      >
         
      </div>
      <div
        class="sc-bdVaJa klusQH"
        r="100"
        style="transform: translate(96px, 100px) rotate(NaNdeg);"
      >
        c
      </div>
      <div
        class="sc-bdVaJa klusQH"
        r="100"
        style="transform: translate(96px, 100px) rotate(NaNdeg);"
      >
        i
      </div>
      <div
        class="sc-bdVaJa klusQH"
        r="100"
        style="transform: translate(96px, 100px) rotate(NaNdeg);"
      >
        r
      </div>
      <div
        class="sc-bdVaJa klusQH"
        r="100"
        style="transform: translate(96px, 100px) rotate(NaNdeg);"
      >
        c
      </div>
      <div
        class="sc-bdVaJa klusQH"
        r="100"
        style="transform: translate(96px, 100px) rotate(NaNdeg);"
      >
        l
      </div>
      <div
        class="sc-bdVaJa klusQH"
        r="100"
        style="transform: translate(96px, 100px) rotate(NaNdeg);"
      >
        e
      </div>
    </div>
  </div>
</DocumentFragment>
`;
